17 17 1 17 17 17 7 17 17 17 LINEIN NOCAPS ALLDIGIT 0 0 0 NOPUNCT
Nov nov N No Nov Nov v ov Nov Nov LINEIN INITCAP NODIGIT 0 0 1 NOPUNCT
2009 2009 2 20 200 2009 9 09 009 2009 LINEIN NOCAPS ALLDIGIT 0 1 0 NOPUNCT
