March I-<month>
28 I-<day>
, I-<other>
2007 I-<year>