March march M Ma Mar Marc h ch rch arch LINESTART INITCAP NODIGIT 0 0 1 NOPUNCT I-<month>
28 28 2 28 28 28 8 28 28 28 LINEIN NOCAPS ALLDIGIT 0 0 0 NOPUNCT I-<day>
, , , , , , , , , , LINEIN ALLCAP NODIGIT 1 0 0 COMMA I-<other>
2007 2007 2 20 200 2007 7 07 007 2007 LINEEND NOCAPS ALLDIGIT 0 1 0 NOPUNCT I-<year>

Published published P Pu Pub Publ d ed hed shed LINESTART INITCAP NODIGIT 0 0 0 NOPUNCT I-<other>
25 25 2 25 25 25 5 25 25 25 LINEIN NOCAPS ALLDIGIT 0 0 0 NOPUNCT I-<day>
May may M Ma May May y ay May May LINEIN INITCAP NODIGIT 0 0 1 NOPUNCT I-<month>
2011 2011 2 20 201 2011 1 11 011 2011 LINEEND NOCAPS ALLDIGIT 0 1 0 NOPUNCT I-<year>

