Keywords I-<keyword>
: <keyword>
projective <keyword>
reconstruction <keyword>
, <keyword>
affine <keyword>
reconstruction <keyword>
, <keyword>
partial <keyword>
calibration <keyword>
, <keyword>
qualitative <keyword>
depth <keyword>
@newline