The I-<title>
wizard <title>
quickly <title>
jinxed <title>
the <title>
gnomes <title>
before <title>
they <title>
vaporized <title>