The I-<note>
U <note>
. <note>
S <note>
. <note>
Government <note>
is <note>
authorized <note>
to <note>
reproduce <note>
and <note>
distribute <note>
reprints <note>
for <note>
Government <note>
purposes <note>
notwithstanding <note>
@newline
any <note>
copyright <note>
notation <note>
thereon <note>
. <note>
@newline
The <note>
views <note>
and <note>
conclusions <note>
contained <note>
in <note>
this <note>
document <note>
are <note>
those <note>
of <note>
the <note>
author <note>
and <note>
should <note>
not <note>
be <note>
@newline
interpreted <note>
as <note>
representing <note>
the <note>
official <note>
policies <note>
or <note>
endorsements <note>
, <note>
either <note>
expressed <note>
or <note>
implied <note>
, <note>
of <note>
the <note>
U <note>
. <note>
S <note>
. <note>
@newline
Government <note>
. <note>
@newline