Methods I-<reference>
53 <reference>
( <reference>
2011 <reference>
) <reference>
347ΓÇô355 <reference>
@newline