19 I-<date-submission>
November <date-submission>
2009 <date-submission>
@newline