Submitted I-<degree>
in <degree>
partial <degree>
fulfillment <degree>
of <degree>
the <degree>
requirements <degree>
@newline
for <degree>
the <degree>
degree <degree>
of <degree>
Doctor <degree>
of <degree>
Philosophy <degree>
. <degree>
@newline
Thesis <degree>
Committee <degree>
: <degree>
@newline
Robert <degree>
Harper <degree>
, <degree>
Chair <degree>
@newline
Peter <degree>
Lee <degree>
@newline
John <degree>
Reynolds <degree>
@newline
Luca <degree>
Cardelli <degree>
, <degree>
DEC <degree>
SRC <degree>
@newline