Copyright I-<copyright>
c <copyright>
fl1997 <copyright>
Mark <copyright>
Lillibridge <copyright>
@newline