Urbana I-<address>
, <address>
IL <address>
61801 <address>
Urbana <address>
, <address>
IL <address>
61801 <address>
@newline