┬⌐ I-<copyright>
2004 <copyright>
Elsevier <copyright>
Ireland <copyright>
Ltd <copyright>
. <copyright>
All <copyright>
rights <copyright>
reserved <copyright>
. <copyright>
@newline