Department I-<affiliation>
of <affiliation>
Computer <affiliation>
Science <affiliation>
Department <affiliation>
of <affiliation>
Computer <affiliation>
Science <affiliation>
@newline
University <affiliation>
of <affiliation>
Illinois <affiliation>
University <affiliation>
of <affiliation>
Illinois <affiliation>
@newline