Submitted I-<submission>
to <submission>
the <submission>
Graduate <submission>
School <submission>
of <submission>
the <submission>
@newline