Technical I-<pubnum>
Report <pubnum>
CS91 <pubnum>
- <pubnum>
13 <pubnum>
@newline