Iterative I-<title>
Optimization <title>
and <title>
Simplification <title>
of <title>
@newline
Hierarchical <title>
Clusterings <title>
@newline
Technical I-<pubnum>
Report <pubnum>
CS <pubnum>
- <pubnum>
95 <pubnum>
- <pubnum>
01 <pubnum>
@newline
Doug I-<author>
Fisher <author>
@newline
Department I-<affiliation>
of <affiliation>
Computer <affiliation>
Science <affiliation>
@newline
Box I-<address>
1679 <address>
, <address>
Station <address>
B <address>
@newline
Vanderbilt I-<affiliation>
University <affiliation>
@newline
Nashville I-<address>
, <address>
TN <address>
37235 <address>
@newline
dfisher@vuse I-<email>
. <email>
vanderbilt <email>
. <email>
edu <email>
@newline
http I-<web>
: <web>
/ <web>
/ <web>
www <web>
. <web>
vuse <web>
. <web>
vanderbilt <web>
. <web>
edu <web>
/ <web>
~dfisher <web>
/ <web>
dfisher <web>
. <web>
html <web>
@newline
( I-<phone>
615 <phone>
) <phone>
343 <phone>
- <phone>
4111 <phone>
@newline
Abstract I-<abstract>
: <abstract>
Clustering <abstract>
is <abstract>
often <abstract>
used <abstract>
for <abstract>
discovering <abstract>
structure <abstract>
in <abstract>
data <abstract>
. <abstract>
Clustering <abstract>
systems <abstract>
@newline
differ <abstract>
in <abstract>
the <abstract>
objective <abstract>
function <abstract>
used <abstract>
to <abstract>
evaluate <abstract>
clustering <abstract>
quality <abstract>
and <abstract>
the <abstract>
control <abstract>
strategy <abstract>
@newline
used <abstract>
to <abstract>
search <abstract>
the <abstract>
space <abstract>
of <abstract>
clusterings <abstract>
. <abstract>
Ideally <abstract>
, <abstract>
the <abstract>
search <abstract>
strategy <abstract>
should <abstract>
consistently <abstract>
@newline
construct <abstract>
clusterings <abstract>
of <abstract>
high <abstract>
quality <abstract>
, <abstract>
but <abstract>
be <abstract>
computationally <abstract>
inexpensive <abstract>
as <abstract>
well <abstract>
. <abstract>
In <abstract>
general <abstract>
, <abstract>
@newline
we <abstract>
cannot <abstract>
have <abstract>
it <abstract>
both <abstract>
ways <abstract>
, <abstract>
but <abstract>
we <abstract>
can <abstract>
partition <abstract>
the <abstract>
search <abstract>
so <abstract>
that <abstract>
a <abstract>
system <abstract>
inexpensively <abstract>
@newline
constructs <abstract>
a <abstract>
` <abstract>
tentative <abstract>
' <abstract>
clustering <abstract>
for <abstract>
initial <abstract>
examination <abstract>
, <abstract>
followed <abstract>
by <abstract>
iterative <abstract>
optimization <abstract>
, <abstract>
@newline
which <abstract>
continues <abstract>
to <abstract>
search <abstract>
in <abstract>
background <abstract>
for <abstract>
improved <abstract>
clusterings <abstract>
. <abstract>
Given <abstract>
this <abstract>
motivation <abstract>
, <abstract>
we <abstract>
@newline
evaluate <abstract>
an <abstract>
inexpensive <abstract>
strategy <abstract>
for <abstract>
creating <abstract>
initial <abstract>
clusterings <abstract>
, <abstract>
coupled <abstract>
with <abstract>
several <abstract>
control <abstract>
@newline
strategies <abstract>
for <abstract>
iterative <abstract>
optimization <abstract>
, <abstract>
each <abstract>
of <abstract>
which <abstract>
repeatedly <abstract>
modifies <abstract>
an <abstract>
initial <abstract>
clustering <abstract>
@newline
in <abstract>
search <abstract>
of <abstract>
a <abstract>
better <abstract>
one <abstract>
. <abstract>
One <abstract>
of <abstract>
these <abstract>
methods <abstract>
appears <abstract>
novel <abstract>
as <abstract>
an <abstract>
iterative <abstract>
optimization <abstract>
@newline
strategy <abstract>
in <abstract>
clustering <abstract>
contexts <abstract>
. <abstract>
Once <abstract>
a <abstract>
clustering <abstract>
has <abstract>
been <abstract>
constructed <abstract>
it <abstract>
is <abstract>
judged <abstract>
by <abstract>
@newline
analysts <abstract>
often <abstract>
according <abstract>
to <abstract>
task <abstract>
- <abstract>
specific <abstract>
criteria <abstract>
. <abstract>
Several <abstract>
authors <abstract>
have <abstract>
abstracted <abstract>
these <abstract>
@newline
criteria <abstract>
and <abstract>
posited <abstract>
a <abstract>
generic <abstract>
performance <abstract>
task <abstract>
akin <abstract>
to <abstract>
pattern <abstract>
completion <abstract>
, <abstract>
where <abstract>
the <abstract>
error <abstract>
@newline
rate <abstract>
over <abstract>
completed <abstract>
patterns <abstract>
is <abstract>
used <abstract>
to <abstract>
' <abstract>
externally <abstract>
' <abstract>
judge <abstract>
clustering <abstract>
utility <abstract>
. <abstract>
Given <abstract>
this <abstract>
@newline
performance <abstract>
task <abstract>
we <abstract>
adapt <abstract>
resampling <abstract>
- <abstract>
based <abstract>
pruning <abstract>
strategies <abstract>
used <abstract>
by <abstract>
supervised <abstract>
learning <abstract>
@newline
systems <abstract>
to <abstract>
the <abstract>
task <abstract>
of <abstract>
simplifying <abstract>
hierarchical <abstract>
clusterings <abstract>
, <abstract>
thus <abstract>
promising <abstract>
to <abstract>
ease <abstract>
post <abstract>
- <abstract>
clustering <abstract>
analysis <abstract>
. <abstract>
Finally <abstract>
, <abstract>
we <abstract>
propose <abstract>
a <abstract>
number <abstract>
of <abstract>
objective <abstract>
functions <abstract>
, <abstract>
based <abstract>
on <abstract>
attribute <abstract>
- <abstract>
selection <abstract>
measures <abstract>
for <abstract>
decision <abstract>
- <abstract>
tree <abstract>
induction <abstract>
, <abstract>
that <abstract>
might <abstract>
perform <abstract>
well <abstract>
on <abstract>
the <abstract>
error <abstract>
rate <abstract>
and <abstract>
@newline
simplicity <abstract>
dimensions <abstract>
. <abstract>
@newline
Keywords I-<keyword>
: <keyword>
clustering <keyword>
, <keyword>
iterative <keyword>
optimization <keyword>
, <keyword>
cluster <keyword>
validation <keyword>
, <keyword>
resampling <keyword>
, <keyword>
pruning <keyword>
, <keyword>
objective <keyword>
functions <keyword>
. <keyword>
@newline