Amitabh I-<author>
B <author>
. <author>
Sinha <author>
Laxmikant <author>
V <author>
. <author>
Kale <author>
@newline