==== Token Level Result ====

           Label   Accuracy  Precision     Recall         F0
             day     0.9937     1.0000     0.9667     0.9831
           month     0.9989     1.0000     0.9959     0.9980
           other     0.9926     0.9910     0.9778     0.9843
            year     0.9895     0.9663     1.0000     0.9829

      MICRO AVG.     0.9940     0.9860     0.9902     0.9881
      MACRO AVG.     0.9940     0.9888     0.9875     0.9880
