[
    [
        {
            "Value": "title",
            "Classification": "title",
            "IsStart": false
        }
    ],
    [
        {
            "Value": "email",
            "Classification": "email",
            "IsStart": false
        }
    ]
]