[
    [
        {
            "Value": "email1",
            "Classification": "email",
            "IsStart": true
        },
        {
            "Value": "email1",
            "Classification": "email",
            "IsStart": false
        },
        {
            "Value": "email1",
            "Classification": "email",
            "IsStart": false
        },
        {
            "Value": "email1",
            "Classification": "email",
            "IsStart": false
        }
    ],
    [
        {
            "Value": "title1",
            "Classification": "title",
            "IsStart": true
        },
        {
            "Value": "title1",
            "Classification": "title",
            "IsStart": false
        },
        {
            "Value": "title1",
            "Classification": "title",
            "IsStart": false
        }
    ]
]