[
    [
        {
            "Value": "email1",
            "Classification": "email",
            "IsStart": true
        }
    ],
    [
        {
            "Value": "email2",
            "Classification": "email",
            "IsStart": true
        }
    ]
]