The the T Th The The e he The The BLOCKSTART LINESTART NEWFONT HIGHERFONT 0 0 0 INITCAP NODIGIT 0 0 1 0 0 0 0 0 0 0 NOPUNCT 0 0
essence essence e es ess esse e ce nce ence BLOCKIN LINEIN SAMEFONT SAMEFONTSIZE 0 0 0 NOCAPS NODIGIT 0 0 1 0 0 0 0 0 0 0 NOPUNCT 0 0
of of o of of of f of of of BLOCKIN LINEIN SAMEFONT SAMEFONTSIZE 0 0 0 NOCAPS NODIGIT 0 0 1 0 0 0 0 0 0 0 NOPUNCT 0 0
language language l la lan lang e ge age uage BLOCKIN LINEIN SAMEFONT SAMEFONTSIZE 0 0 0 NOCAPS NODIGIT 0 0 1 0 0 0 0 0 0 0 NOPUNCT 0 0
- - - - - - - - - - BLOCKIN LINEIN SAMEFONT SAMEFONTSIZE 0 0 0 ALLCAP NODIGIT 1 0 0 0 0 0 0 0 0 1 HYPHEN 0 0
integrated integrated i in int inte d ed ted ated BLOCKIN LINEIN SAMEFONT SAMEFONTSIZE 0 0 0 NOCAPS NODIGIT 0 0 1 0 0 0 0 0 0 0 NOPUNCT 0 0
query query q qu que quer y ry ery uery BLOCKEND LINEEND SAMEFONT SAMEFONTSIZE 0 0 0 NOCAPS NODIGIT 0 0 1 0 0 0 0 0 0 0 NOPUNCT 0 0
James james J Ja Jam Jame s es mes ames BLOCKSTART LINESTART NEWFONT LOWERFONT 0 0 0 INITCAP NODIGIT 0 1 0 0 0 0 0 0 0 0 NOPUNCT 0 0
Cheney cheney C Ch Che Chen y ey ney eney BLOCKEND LINEEND SAMEFONT SAMEFONTSIZE 0 0 0 INITCAP NODIGIT 0 1 0 0 0 0 0 0 0 0 NOPUNCT 0 0
The the T Th The The e he The The BLOCKSTART LINESTART SAMEFONT LOWERFONT 0 0 0 INITCAP NODIGIT 0 0 1 0 0 0 0 0 0 0 NOPUNCT 0 0
University university U Un Uni Univ y ty ity sity BLOCKIN LINEIN SAMEFONT SAMEFONTSIZE 0 0 0 INITCAP NODIGIT 0 0 1 0 0 0 0 0 0 0 NOPUNCT 0 0
of of o of of of f of of of BLOCKIN LINEIN SAMEFONT SAMEFONTSIZE 0 0 0 NOCAPS NODIGIT 0 0 1 0 0 0 0 0 0 0 NOPUNCT 0 0
Edinburgh edinburgh E Ed Edi Edin h gh rgh urgh BLOCKIN LINEEND SAMEFONT SAMEFONTSIZE 0 0 0 INITCAP NODIGIT 0 0 1 0 0 0 0 0 0 0 NOPUNCT 0 0
jcheney@inf jcheney@inf j jc jch jche f nf inf @inf BLOCKIN LINESTART NEWFONT SAMEFONTSIZE 0 0 0 NOCAPS NODIGIT 0 0 0 0 0 0 0 0 0 0 NOPUNCT 0 0
. . . . . . . . . . BLOCKIN LINEIN SAMEFONT SAMEFONTSIZE 0 0 0 ALLCAP NODIGIT 1 0 0 0 0 0 0 0 0 0 DOT 0 0
ed ed e ed ed ed d ed ed ed BLOCKIN LINEIN SAMEFONT SAMEFONTSIZE 0 0 0 NOCAPS NODIGIT 0 1 0 0 0 0 0 0 0 0 NOPUNCT 0 0
. . . . . . . . . . BLOCKIN LINEIN SAMEFONT SAMEFONTSIZE 0 0 0 ALLCAP NODIGIT 1 0 0 0 0 0 0 0 0 0 DOT 0 0
ac ac a ac ac ac c ac ac ac BLOCKIN LINEIN SAMEFONT SAMEFONTSIZE 0 0 0 NOCAPS NODIGIT 0 0 0 0 0 0 0 0 0 0 NOPUNCT 0 0
. . . . . . . . . . BLOCKIN LINEIN SAMEFONT SAMEFONTSIZE 0 0 0 ALLCAP NODIGIT 1 0 0 0 0 0 0 0 0 0 DOT 0 0
uk uk u uk uk uk k uk uk uk BLOCKEND LINEEND SAMEFONT SAMEFONTSIZE 0 0 0 NOCAPS NODIGIT 0 0 1 0 0 0 0 0 0 0 NOPUNCT 0 0
Sam sam S Sa Sam Sam m am Sam Sam BLOCKSTART LINESTART NEWFONT HIGHERFONT 0 0 0 INITCAP NODIGIT 0 1 0 0 0 0 0 0 0 0 NOPUNCT 0 0
Lindley lindley L Li Lin Lind y ey ley dley BLOCKEND LINEEND SAMEFONT SAMEFONTSIZE 0 0 0 INITCAP NODIGIT 0 1 0 0 0 0 0 0 0 0 NOPUNCT 0 0
University university U Un Uni Univ y ty ity sity BLOCKSTART LINESTART SAMEFONT LOWERFONT 0 0 0 INITCAP NODIGIT 0 0 1 0 0 0 0 0 0 0 NOPUNCT 0 0
of of o of of of f of of of BLOCKIN LINEIN SAMEFONT SAMEFONTSIZE 0 0 0 NOCAPS NODIGIT 0 0 1 0 0 0 0 0 0 0 NOPUNCT 0 0
Strathclyde strathclyde S St Str Stra e de yde lyde BLOCKIN LINEEND SAMEFONT SAMEFONTSIZE 0 0 0 INITCAP NODIGIT 0 0 1 0 0 0 0 0 0 0 NOPUNCT 0 0
sam sam s sa sam sam m am sam sam BLOCKIN LINESTART NEWFONT SAMEFONTSIZE 0 0 0 NOCAPS NODIGIT 0 1 0 0 0 0 0 0 0 0 NOPUNCT 0 0
. . . . . . . . . . BLOCKIN LINEIN SAMEFONT SAMEFONTSIZE 0 0 0 ALLCAP NODIGIT 1 0 0 0 0 0 0 0 0 0 DOT 0 0
lindley@strath lindley@strath l li lin lind h th ath rath BLOCKIN LINEIN SAMEFONT SAMEFONTSIZE 0 0 0 NOCAPS NODIGIT 0 0 0 0 0 0 0 0 0 0 NOPUNCT 0 0
. . . . . . . . . . BLOCKIN LINEIN SAMEFONT SAMEFONTSIZE 0 0 0 ALLCAP NODIGIT 1 0 0 0 0 0 0 0 0 0 DOT 0 0
ac ac a ac ac ac c ac ac ac BLOCKIN LINEIN SAMEFONT SAMEFONTSIZE 0 0 0 NOCAPS NODIGIT 0 0 0 0 0 0 0 0 0 0 NOPUNCT 0 0
. . . . . . . . . . BLOCKIN LINEIN SAMEFONT SAMEFONTSIZE 0 0 0 ALLCAP NODIGIT 1 0 0 0 0 0 0 0 0 0 DOT 0 0
uk uk u uk uk uk k uk uk uk BLOCKEND LINEEND SAMEFONT SAMEFONTSIZE 0 0 0 NOCAPS NODIGIT 0 0 1 0 0 0 0 0 0 0 NOPUNCT 0 0
Philip philip P Ph Phi Phil p ip lip ilip BLOCKSTART LINESTART NEWFONT HIGHERFONT 0 0 0 INITCAP NODIGIT 0 1 0 0 0 0 0 0 0 0 NOPUNCT 0 0
Wadler wadler W Wa Wad Wadl r er ler dler BLOCKEND LINEEND SAMEFONT SAMEFONTSIZE 0 0 0 INITCAP NODIGIT 0 0 0 0 0 0 0 0 0 0 NOPUNCT 0 0
The the T Th The The e he The The BLOCKSTART LINESTART SAMEFONT LOWERFONT 0 0 0 INITCAP NODIGIT 0 0 1 0 0 0 0 0 0 0 NOPUNCT 0 0
University university U Un Uni Univ y ty ity sity BLOCKIN LINEIN SAMEFONT SAMEFONTSIZE 0 0 0 INITCAP NODIGIT 0 0 1 0 0 0 0 0 0 0 NOPUNCT 0 0
of of o of of of f of of of BLOCKIN LINEIN SAMEFONT SAMEFONTSIZE 0 0 0 NOCAPS NODIGIT 0 0 1 0 0 0 0 0 0 0 NOPUNCT 0 0
Edinburgh edinburgh E Ed Edi Edin h gh rgh urgh BLOCKIN LINEEND SAMEFONT SAMEFONTSIZE 0 0 0 INITCAP NODIGIT 0 0 1 0 0 0 0 0 0 0 NOPUNCT 0 0
wadler@inf wadler@inf w wa wad wadl f nf inf @inf BLOCKIN LINESTART NEWFONT SAMEFONTSIZE 0 0 0 NOCAPS NODIGIT 0 0 0 0 0 0 0 0 0 0 NOPUNCT 0 0
. . . . . . . . . . BLOCKIN LINEIN SAMEFONT SAMEFONTSIZE 0 0 0 ALLCAP NODIGIT 1 0 0 0 0 0 0 0 0 0 DOT 0 0
ed ed e ed ed ed d ed ed ed BLOCKIN LINEIN SAMEFONT SAMEFONTSIZE 0 0 0 NOCAPS NODIGIT 0 1 0 0 0 0 0 0 0 0 NOPUNCT 0 0
. . . . . . . . . . BLOCKIN LINEIN SAMEFONT SAMEFONTSIZE 0 0 0 ALLCAP NODIGIT 1 0 0 0 0 0 0 0 0 0 DOT 0 0
ac ac a ac ac ac c ac ac ac BLOCKIN LINEIN SAMEFONT SAMEFONTSIZE 0 0 0 NOCAPS NODIGIT 0 0 0 0 0 0 0 0 0 0 NOPUNCT 0 0
. . . . . . . . . . BLOCKIN LINEIN SAMEFONT SAMEFONTSIZE 0 0 0 ALLCAP NODIGIT 1 0 0 0 0 0 0 0 0 0 DOT 0 0
uk uk u uk uk uk k uk uk uk BLOCKEND LINEEND SAMEFONT SAMEFONTSIZE 0 0 0 NOCAPS NODIGIT 0 0 1 0 0 0 0 0 0 0 NOPUNCT 0 0
Abstract abstract A Ab Abs Abst t ct act ract BLOCKSTART LINESTART NEWFONT HIGHERFONT 0 0 0 INITCAP NODIGIT 0 0 1 0 0 0 0 0 0 0 NOPUNCT 0 0
Language language L La Lan Lang e ge age uage BLOCKSTART LINESTART NEWFONT LOWERFONT 0 0 0 INITCAP NODIGIT 0 0 1 0 0 0 0 0 0 0 NOPUNCT 0 0
- - - - - - - - - - BLOCKIN LINEIN SAMEFONT SAMEFONTSIZE 0 0 0 ALLCAP NODIGIT 1 0 0 0 0 0 0 0 0 1 HYPHEN 0 0
integrated integrated i in int inte d ed ted ated BLOCKIN LINEIN SAMEFONT SAMEFONTSIZE 0 0 0 NOCAPS NODIGIT 0 0 1 0 0 0 0 0 0 0 NOPUNCT 0 0
query query q qu que quer y ry ery uery BLOCKIN LINEIN SAMEFONT SAMEFONTSIZE 0 0 0 NOCAPS NODIGIT 0 0 1 0 0 0 0 0 0 0 NOPUNCT 0 0
is is i is is is s is is is BLOCKIN LINEIN SAMEFONT SAMEFONTSIZE 0 0 0 NOCAPS NODIGIT 0 0 1 0 0 0 0 0 0 0 NOPUNCT 0 0
receiving receiving r re rec rece g ng ing ving BLOCKIN LINEIN SAMEFONT SAMEFONTSIZE 0 0 0 NOCAPS NODIGIT 0 1 1 0 0 0 0 0 0 0 NOPUNCT 0 0
renewed renewed r re ren rene d ed wed ewed BLOCKIN LINEIN SAMEFONT SAMEFONTSIZE 0 0 0 NOCAPS NODIGIT 0 0 1 0 0 0 0 0 0 0 NOPUNCT 0 0
attention attention a at att atte n on ion tion BLOCKIN LINEIN SAMEFONT SAMEFONTSIZE 0 0 0 NOCAPS NODIGIT 0 0 1 0 0 0 0 0 0 0 NOPUNCT 0 0
, , , , , , , , , , BLOCKIN LINEIN SAMEFONT SAMEFONTSIZE 0 0 0 ALLCAP NODIGIT 1 0 0 0 0 0 0 0 0 0 COMMA 0 0
in in i in in in n in in in BLOCKIN LINEIN SAMEFONT SAMEFONTSIZE 0 0 0 NOCAPS NODIGIT 0 1 1 0 0 0 0 0 0 0 NOPUNCT 0 0
part part p pa par part t rt art part BLOCKIN LINEEND SAMEFONT SAMEFONTSIZE 0 0 0 NOCAPS NODIGIT 0 0 1 0 0 0 0 0 0 0 NOPUNCT 0 0
because because b be bec beca e se use ause BLOCKIN LINESTART SAMEFONT SAMEFONTSIZE 0 0 0 NOCAPS NODIGIT 0 0 1 0 0 0 0 0 0 0 NOPUNCT 0 0
of of o of of of f of of of BLOCKIN LINEIN SAMEFONT SAMEFONTSIZE 0 0 0 NOCAPS NODIGIT 0 0 1 0 0 0 0 0 0 0 NOPUNCT 0 0
its its i it its its s ts its its BLOCKIN LINEIN SAMEFONT SAMEFONTSIZE 0 0 0 NOCAPS NODIGIT 0 0 1 0 0 0 0 0 0 0 NOPUNCT 0 0
support support s su sup supp t rt ort port BLOCKIN LINEIN SAMEFONT SAMEFONTSIZE 0 0 0 NOCAPS NODIGIT 0 1 1 0 0 0 0 0 0 0 NOPUNCT 0 0
through through t th thr thro h gh ugh ough BLOCKIN LINEIN SAMEFONT SAMEFONTSIZE 0 0 0 NOCAPS NODIGIT 0 0 1 0 0 0 0 0 0 0 NOPUNCT 0 0
Microsoft microsoft M Mi Mic Micr t ft oft soft BLOCKIN LINEIN SAMEFONT SAMEFONTSIZE 0 0 0 INITCAP NODIGIT 0 0 0 0 0 0 0 0 0 0 NOPUNCT 0 0
' ' ' ' ' ' ' ' ' ' BLOCKIN LINEIN SAMEFONT SAMEFONTSIZE 0 0 0 ALLCAP NODIGIT 1 0 1 0 0 0 0 0 0 0 QUOTE 0 0
s s s s s s s s s s BLOCKIN LINEIN SAMEFONT SAMEFONTSIZE 0 0 0 NOCAPS NODIGIT 1 0 1 0 0 0 0 0 0 0 NOPUNCT 0 0
LINQ linq L LI LIN LINQ Q NQ INQ LINQ BLOCKIN LINEIN SAMEFONT SAMEFONTSIZE 0 0 0 ALLCAP NODIGIT 0 0 0 0 0 0 0 0 0 0 NOPUNCT 0 0
framework framework f fr fra fram k rk ork work BLOCKIN LINEIN SAMEFONT SAMEFONTSIZE 0 0 0 NOCAPS NODIGIT 0 0 1 0 0 0 0 0 0 0 NOPUNCT 0 0
. . . . . . . . . . BLOCKIN LINEIN SAMEFONT SAMEFONTSIZE 0 0 0 ALLCAP NODIGIT 1 0 0 0 0 0 0 0 0 0 DOT 0 0
We we W We We We e We We We BLOCKIN LINEEND SAMEFONT SAMEFONTSIZE 0 0 0 INITCAP NODIGIT 0 0 1 0 0 0 0 0 0 0 NOPUNCT 0 0
present present p pr pre pres t nt ent sent BLOCKIN LINESTART SAMEFONT SAMEFONTSIZE 0 0 0 NOCAPS NODIGIT 0 0 1 0 0 0 0 0 0 0 NOPUNCT 0 0
a a a a a a a a a a BLOCKIN LINEIN SAMEFONT SAMEFONTSIZE 0 0 0 NOCAPS NODIGIT 1 0 1 0 0 0 0 0 0 0 NOPUNCT 0 0
theory theory t th the theo y ry ory eory BLOCKIN LINEIN SAMEFONT SAMEFONTSIZE 0 0 0 NOCAPS NODIGIT 0 0 1 0 0 0 0 0 0 0 NOPUNCT 0 0
of of o of of of f of of of BLOCKIN LINEIN SAMEFONT SAMEFONTSIZE 0 0 0 NOCAPS NODIGIT 0 0 1 0 0 0 0 0 0 0 NOPUNCT 0 0
language language l la lan lang e ge age uage BLOCKIN LINEIN SAMEFONT SAMEFONTSIZE 0 0 0 NOCAPS NODIGIT 0 0 1 0 0 0 0 0 0 0 NOPUNCT 0 0
- - - - - - - - - - BLOCKIN LINEIN SAMEFONT SAMEFONTSIZE 0 0 0 ALLCAP NODIGIT 1 0 0 0 0 0 0 0 0 1 HYPHEN 0 0
integrated integrated i in int inte d ed ted ated BLOCKIN LINEIN SAMEFONT SAMEFONTSIZE 0 0 0 NOCAPS NODIGIT 0 0 1 0 0 0 0 0 0 0 NOPUNCT 0 0
query query q qu que quer y ry ery uery BLOCKIN LINEIN SAMEFONT SAMEFONTSIZE 0 0 0 NOCAPS NODIGIT 0 0 1 0 0 0 0 0 0 0 NOPUNCT 0 0
based based b ba bas base d ed sed ased BLOCKIN LINEIN SAMEFONT SAMEFONTSIZE 0 0 0 NOCAPS NODIGIT 0 0 1 0 0 0 0 0 0 0 NOPUNCT 0 0
on on o on on on n on on on BLOCKIN LINEIN SAMEFONT SAMEFONTSIZE 0 0 0 NOCAPS NODIGIT 0 0 1 0 0 0 0 0 0 0 NOPUNCT 0 0
quotation quotation q qu quo quot n on ion tion BLOCKIN LINEEND SAMEFONT SAMEFONTSIZE 0 0 0 NOCAPS NODIGIT 0 0 1 0 0 0 0 0 0 0 NOPUNCT 0 0
and and a an and and d nd and and BLOCKIN LINESTART SAMEFONT SAMEFONTSIZE 0 0 0 NOCAPS NODIGIT 0 0 1 0 0 0 0 0 0 0 NOPUNCT 0 0
normalisation normalisation n no nor norm n on ion tion BLOCKIN LINEIN SAMEFONT SAMEFONTSIZE 0 0 0 NOCAPS NODIGIT 0 0 0 0 0 0 0 0 0 0 NOPUNCT 0 0
of of o of of of f of of of BLOCKIN LINEIN SAMEFONT SAMEFONTSIZE 0 0 0 NOCAPS NODIGIT 0 0 1 0 0 0 0 0 0 0 NOPUNCT 0 0
quoted quoted q qu quo quot d ed ted oted BLOCKIN LINEIN SAMEFONT SAMEFONTSIZE 0 0 0 NOCAPS NODIGIT 0 0 1 0 0 0 0 0 0 0 NOPUNCT 0 0
terms terms t te ter term s ms rms erms BLOCKIN LINEIN SAMEFONT SAMEFONTSIZE 0 0 0 NOCAPS NODIGIT 0 0 1 0 0 0 0 0 0 0 NOPUNCT 0 0
. . . . . . . . . . BLOCKIN LINEIN SAMEFONT SAMEFONTSIZE 0 0 0 ALLCAP NODIGIT 1 0 0 0 0 0 0 0 0 0 DOT 0 0
Our our O Ou Our Our r ur Our Our BLOCKIN LINEIN SAMEFONT SAMEFONTSIZE 0 0 0 INITCAP NODIGIT 0 0 1 0 0 0 0 0 0 0 NOPUNCT 0 0
technique technique t te tec tech e ue que ique BLOCKIN LINEIN SAMEFONT SAMEFONTSIZE 0 0 0 NOCAPS NODIGIT 0 0 1 0 0 0 0 0 0 0 NOPUNCT 0 0
supports supports s su sup supp s ts rts orts BLOCKIN LINEIN SAMEFONT SAMEFONTSIZE 0 0 0 NOCAPS NODIGIT 0 0 1 0 0 0 0 0 0 0 NOPUNCT 0 0
abstrac abstrac a ab abs abst c ac rac trac BLOCKIN LINEIN SAMEFONT SAMEFONTSIZE 0 0 0 NOCAPS NODIGIT 0 0 0 0 0 0 0 0 0 0 NOPUNCT 0 0
- - - - - - - - - - BLOCKIN LINEEND SAMEFONT SAMEFONTSIZE 0 0 0 ALLCAP NODIGIT 1 0 0 0 0 0 0 0 0 1 HYPHEN 0 0
tion tion t ti tio tion n on ion tion BLOCKIN LINESTART SAMEFONT SAMEFONTSIZE 0 0 0 NOCAPS NODIGIT 0 0 0 0 0 0 0 0 0 0 NOPUNCT 0 0
over over o ov ove over r er ver over BLOCKIN LINEIN SAMEFONT SAMEFONTSIZE 0 0 0 NOCAPS NODIGIT 0 0 1 0 0 0 0 0 0 0 NOPUNCT 0 0
values values v va val valu s es ues lues BLOCKIN LINEIN SAMEFONT SAMEFONTSIZE 0 0 0 NOCAPS NODIGIT 0 0 1 0 0 0 0 0 0 0 NOPUNCT 0 0
and and a an and and d nd and and BLOCKIN LINEIN SAMEFONT SAMEFONTSIZE 0 0 0 NOCAPS NODIGIT 0 0 1 0 0 0 0 0 0 0 NOPUNCT 0 0
predicates predicates p pr pre pred s es tes ates BLOCKIN LINEIN SAMEFONT SAMEFONTSIZE 0 0 0 NOCAPS NODIGIT 0 0 1 0 0 0 0 0 0 0 NOPUNCT 0 0
, , , , , , , , , , BLOCKIN LINEIN SAMEFONT SAMEFONTSIZE 0 0 0 ALLCAP NODIGIT 1 0 0 0 0 0 0 0 0 0 COMMA 0 0
composition composition c co com comp n on ion tion BLOCKIN LINEIN SAMEFONT SAMEFONTSIZE 0 0 0 NOCAPS NODIGIT 0 0 1 0 0 0 0 0 0 0 NOPUNCT 0 0
of of o of of of f of of of BLOCKIN LINEIN SAMEFONT SAMEFONTSIZE 0 0 0 NOCAPS NODIGIT 0 0 1 0 0 0 0 0 0 0 NOPUNCT 0 0
queries queries q qu que quer s es ies ries BLOCKIN LINEIN SAMEFONT SAMEFONTSIZE 0 0 0 NOCAPS NODIGIT 0 1 1 0 0 0 0 0 0 0 NOPUNCT 0 0
, , , , , , , , , , BLOCKIN LINEIN SAMEFONT SAMEFONTSIZE 0 0 0 ALLCAP NODIGIT 1 0 0 0 0 0 0 0 0 0 COMMA 0 0
dynamic dynamic d dy dyn dyna c ic mic amic BLOCKIN LINEEND SAMEFONT SAMEFONTSIZE 0 0 0 NOCAPS NODIGIT 0 0 1 0 0 0 0 0 0 0 NOPUNCT 0 0
generation generation g ge gen gene n on ion tion BLOCKIN LINESTART SAMEFONT SAMEFONTSIZE 0 0 0 NOCAPS NODIGIT 0 0 1 0 0 0 0 0 0 0 NOPUNCT 0 0
of of o of of of f of of of BLOCKIN LINEIN SAMEFONT SAMEFONTSIZE 0 0 0 NOCAPS NODIGIT 0 0 1 0 0 0 0 0 0 0 NOPUNCT 0 0
queries queries q qu que quer s es ies ries BLOCKIN LINEIN SAMEFONT SAMEFONTSIZE 0 0 0 NOCAPS NODIGIT 0 1 1 0 0 0 0 0 0 0 NOPUNCT 0 0
, , , , , , , , , , BLOCKIN LINEIN SAMEFONT SAMEFONTSIZE 0 0 0 ALLCAP NODIGIT 1 0 0 0 0 0 0 0 0 0 COMMA 0 0
and and a an and and d nd and and BLOCKIN LINEIN SAMEFONT SAMEFONTSIZE 0 0 0 NOCAPS NODIGIT 0 0 1 0 0 0 0 0 0 0 NOPUNCT 0 0
queries queries q qu que quer s es ies ries BLOCKIN LINEIN SAMEFONT SAMEFONTSIZE 0 0 0 NOCAPS NODIGIT 0 1 1 0 0 0 0 0 0 0 NOPUNCT 0 0
with with w wi wit with h th ith with BLOCKIN LINEIN SAMEFONT SAMEFONTSIZE 0 0 0 NOCAPS NODIGIT 0 0 1 0 0 0 0 0 0 0 NOPUNCT 0 0
nested nested n ne nes nest d ed ted sted BLOCKIN LINEIN SAMEFONT SAMEFONTSIZE 0 0 0 NOCAPS NODIGIT 0 0 1 0 0 0 0 0 0 0 NOPUNCT 0 0
intermediate intermediate i in int inte e te ate iate BLOCKIN LINEIN SAMEFONT SAMEFONTSIZE 0 0 0 NOCAPS NODIGIT 0 0 1 0 0 0 0 0 0 0 NOPUNCT 0 0
data data d da dat data a ta ata data BLOCKIN LINEIN SAMEFONT SAMEFONTSIZE 0 0 0 NOCAPS NODIGIT 0 0 1 0 0 0 0 0 0 0 NOPUNCT 0 0
. . . . . . . . . . BLOCKIN LINEEND SAMEFONT SAMEFONTSIZE 0 0 0 ALLCAP NODIGIT 1 0 0 0 0 0 0 0 0 0 DOT 0 0
Higher higher H Hi Hig High r er her gher BLOCKIN LINESTART SAMEFONT LOWERFONT 0 0 0 INITCAP NODIGIT 0 0 1 0 0 0 0 0 0 0 NOPUNCT 0 0
- - - - - - - - - - BLOCKIN LINEIN SAMEFONT SAMEFONTSIZE 0 0 0 ALLCAP NODIGIT 1 0 0 0 0 0 0 0 0 1 HYPHEN 0 0
order order o or ord orde r er der rder BLOCKIN LINEIN SAMEFONT SAMEFONTSIZE 0 0 0 NOCAPS NODIGIT 0 0 1 0 0 0 0 0 0 0 NOPUNCT 0 0
features features f fe fea feat s es res ures BLOCKIN LINEIN SAMEFONT SAMEFONTSIZE 0 0 0 NOCAPS NODIGIT 0 0 1 0 0 0 0 0 0 0 NOPUNCT 0 0
prove prove p pr pro prov e ve ove rove BLOCKIN LINEIN SAMEFONT SAMEFONTSIZE 0 0 0 NOCAPS NODIGIT 0 0 1 0 0 0 0 0 0 0 NOPUNCT 0 0
useful useful u us use usef l ul ful eful BLOCKIN LINEIN SAMEFONT SAMEFONTSIZE 0 0 0 NOCAPS NODIGIT 0 0 1 0 0 0 0 0 0 0 NOPUNCT 0 0
even even e ev eve even n en ven even BLOCKIN LINEIN SAMEFONT SAMEFONTSIZE 0 0 0 NOCAPS NODIGIT 0 0 1 0 0 0 0 0 0 0 NOPUNCT 0 0
for for f fo for for r or for for BLOCKIN LINEIN SAMEFONT SAMEFONTSIZE 0 0 0 NOCAPS NODIGIT 0 0 1 0 0 0 0 0 0 0 NOPUNCT 0 0
constructing constructing c co con cons g ng ing ting BLOCKIN LINEIN SAMEFONT SAMEFONTSIZE 0 0 0 NOCAPS NODIGIT 0 0 1 0 0 0 0 0 0 0 NOPUNCT 0 0
first first f fi fir firs t st rst irst BLOCKIN LINEIN SAMEFONT SAMEFONTSIZE 0 0 0 NOCAPS NODIGIT 0 0 1 0 0 0 0 0 0 0 NOPUNCT 0 0
- - - - - - - - - - BLOCKIN LINEIN SAMEFONT SAMEFONTSIZE 0 0 0 ALLCAP NODIGIT 1 0 0 0 0 0 0 0 0 1 HYPHEN 0 0
order order o or ord orde r er der rder BLOCKIN LINEEND SAMEFONT SAMEFONTSIZE 0 0 0 NOCAPS NODIGIT 0 0 1 0 0 0 0 0 0 0 NOPUNCT 0 0
queries queries q qu que quer s es ies ries BLOCKIN LINESTART SAMEFONT SAMEFONTSIZE 0 0 0 NOCAPS NODIGIT 0 1 1 0 0 0 0 0 0 0 NOPUNCT 0 0
. . . . . . . . . . BLOCKIN LINEIN SAMEFONT SAMEFONTSIZE 0 0 0 ALLCAP NODIGIT 1 0 0 0 0 0 0 0 0 0 DOT 0 0
We we W We We We e We We We BLOCKIN LINEIN SAMEFONT SAMEFONTSIZE 0 0 0 INITCAP NODIGIT 0 0 1 0 0 0 0 0 0 0 NOPUNCT 0 0
prove prove p pr pro prov e ve ove rove BLOCKIN LINEIN SAMEFONT SAMEFONTSIZE 0 0 0 NOCAPS NODIGIT 0 0 1 0 0 0 0 0 0 0 NOPUNCT 0 0
that that t th tha that t at hat that BLOCKIN LINEIN SAMEFONT SAMEFONTSIZE 0 0 0 NOCAPS NODIGIT 0 0 1 0 0 0 0 0 0 0 NOPUNCT 0 0
normalisation normalisation n no nor norm n on ion tion BLOCKIN LINEIN SAMEFONT SAMEFONTSIZE 0 0 0 NOCAPS NODIGIT 0 0 0 0 0 0 0 0 0 0 NOPUNCT 0 0
always always a al alw alwa s ys ays ways BLOCKIN LINEIN SAMEFONT SAMEFONTSIZE 0 0 0 NOCAPS NODIGIT 0 0 1 0 0 0 0 0 0 0 NOPUNCT 0 0
succeeds succeeds s su suc succ s ds eds eeds BLOCKIN LINEIN SAMEFONT SAMEFONTSIZE 0 0 0 NOCAPS NODIGIT 0 0 1 0 0 0 0 0 0 0 NOPUNCT 0 0
in in i in in in n in in in BLOCKIN LINEIN SAMEFONT SAMEFONTSIZE 0 0 0 NOCAPS NODIGIT 0 1 1 0 0 0 0 0 0 0 NOPUNCT 0 0
translat translat t tr tra tran t at lat slat BLOCKIN LINEIN SAMEFONT SAMEFONTSIZE 0 0 0 NOCAPS NODIGIT 0 0 0 0 0 0 0 0 0 0 NOPUNCT 0 0
- - - - - - - - - - BLOCKIN LINEEND SAMEFONT SAMEFONTSIZE 0 0 0 ALLCAP NODIGIT 1 0 0 0 0 0 0 0 0 1 HYPHEN 0 0
ing ing i in ing ing g ng ing ing BLOCKIN LINESTART SAMEFONT SAMEFONTSIZE 0 0 0 NOCAPS NODIGIT 0 1 0 0 0 0 0 0 0 0 NOPUNCT 0 0
any any a an any any y ny any any BLOCKIN LINEIN SAMEFONT SAMEFONTSIZE 0 0 0 NOCAPS NODIGIT 0 0 1 0 0 0 0 0 0 0 NOPUNCT 0 0
query query q qu que quer y ry ery uery BLOCKIN LINEIN SAMEFONT SAMEFONTSIZE 0 0 0 NOCAPS NODIGIT 0 0 1 0 0 0 0 0 0 0 NOPUNCT 0 0
of of o of of of f of of of BLOCKIN LINEIN SAMEFONT SAMEFONTSIZE 0 0 0 NOCAPS NODIGIT 0 0 1 0 0 0 0 0 0 0 NOPUNCT 0 0
flat flat f fl fla flat t at lat flat BLOCKIN LINEIN SAMEFONT SAMEFONTSIZE 0 0 0 NOCAPS NODIGIT 0 0 1 0 0 0 0 0 0 0 NOPUNCT 0 0
relation relation r re rel rela n on ion tion BLOCKIN LINEIN SAMEFONT SAMEFONTSIZE 0 0 0 NOCAPS NODIGIT 0 0 1 0 0 0 0 0 0 0 NOPUNCT 0 0
type type t ty typ type e pe ype type BLOCKIN LINEIN SAMEFONT SAMEFONTSIZE 0 0 0 NOCAPS NODIGIT 0 0 1 0 0 0 0 0 0 0 NOPUNCT 0 0
to to t to to to o to to to BLOCKIN LINEIN SAMEFONT SAMEFONTSIZE 0 0 0 NOCAPS NODIGIT 0 0 1 0 0 0 0 0 0 0 NOPUNCT 0 0
SQL sql S SQ SQL SQL L QL SQL SQL BLOCKIN LINEIN SAMEFONT SAMEFONTSIZE 0 0 0 ALLCAP NODIGIT 0 0 0 0 0 0 0 0 0 0 NOPUNCT 0 0
. . . . . . . . . . BLOCKIN LINEIN SAMEFONT SAMEFONTSIZE 0 0 0 ALLCAP NODIGIT 1 0 0 0 0 0 0 0 0 0 DOT 0 0
We we W We We We e We We We BLOCKIN LINEIN SAMEFONT SAMEFONTSIZE 0 0 0 INITCAP NODIGIT 0 0 1 0 0 0 0 0 0 0 NOPUNCT 0 0
present present p pr pre pres t nt ent sent BLOCKIN LINEIN SAMEFONT SAMEFONTSIZE 0 0 0 NOCAPS NODIGIT 0 0 1 0 0 0 0 0 0 0 NOPUNCT 0 0
experimental experimental e ex exp expe l al tal ntal BLOCKIN LINEEND SAMEFONT SAMEFONTSIZE 0 0 0 NOCAPS NODIGIT 0 0 1 0 0 0 0 0 0 0 NOPUNCT 0 0
results results r re res resu s ts lts ults BLOCKIN LINESTART SAMEFONT SAMEFONTSIZE 0 0 0 NOCAPS NODIGIT 0 1 1 0 0 0 0 0 0 0 NOPUNCT 0 0
confirming confirming c co con conf g ng ing ming BLOCKIN LINEIN SAMEFONT SAMEFONTSIZE 0 0 0 NOCAPS NODIGIT 0 0 1 0 0 0 0 0 0 0 NOPUNCT 0 0
our our o ou our our r ur our our BLOCKIN LINEIN SAMEFONT SAMEFONTSIZE 0 0 0 NOCAPS NODIGIT 0 0 1 0 0 0 0 0 0 0 NOPUNCT 0 0
technique technique t te tec tech e ue que ique BLOCKIN LINEIN SAMEFONT SAMEFONTSIZE 0 0 0 NOCAPS NODIGIT 0 0 1 0 0 0 0 0 0 0 NOPUNCT 0 0
works works w wo wor work s ks rks orks BLOCKIN LINEIN SAMEFONT SAMEFONTSIZE 0 0 0 NOCAPS NODIGIT 0 0 1 0 0 0 0 0 0 0 NOPUNCT 0 0
, , , , , , , , , , BLOCKIN LINEIN SAMEFONT SAMEFONTSIZE 0 0 0 ALLCAP NODIGIT 1 0 0 0 0 0 0 0 0 0 COMMA 0 0
even even e ev eve even n en ven even BLOCKIN LINEIN SAMEFONT SAMEFONTSIZE 0 0 0 NOCAPS NODIGIT 0 0 1 0 0 0 0 0 0 0 NOPUNCT 0 0
in in i in in in n in in in BLOCKIN LINEIN SAMEFONT SAMEFONTSIZE 0 0 0 NOCAPS NODIGIT 0 1 1 0 0 0 0 0 0 0 NOPUNCT 0 0
situations situations s si sit situ s ns ons ions BLOCKIN LINEIN SAMEFONT SAMEFONTSIZE 0 0 0 NOCAPS NODIGIT 0 0 1 0 0 0 0 0 0 0 NOPUNCT 0 0
where where w wh whe wher e re ere here BLOCKIN LINEEND SAMEFONT SAMEFONTSIZE 0 0 0 NOCAPS NODIGIT 0 0 1 0 0 0 0 0 0 0 NOPUNCT 0 0
Microsoft microsoft M Mi Mic Micr t ft oft soft BLOCKIN LINESTART SAMEFONT SAMEFONTSIZE 0 0 0 INITCAP NODIGIT 0 0 0 0 0 0 0 0 0 0 NOPUNCT 0 0
' ' ' ' ' ' ' ' ' ' BLOCKIN LINEIN SAMEFONT SAMEFONTSIZE 0 0 0 ALLCAP NODIGIT 1 0 1 0 0 0 0 0 0 0 QUOTE 0 0
s s s s s s s s s s BLOCKIN LINEIN SAMEFONT SAMEFONTSIZE 0 0 0 NOCAPS NODIGIT 1 0 1 0 0 0 0 0 0 0 NOPUNCT 0 0
LINQ linq L LI LIN LINQ Q NQ INQ LINQ BLOCKIN LINEIN SAMEFONT SAMEFONTSIZE 0 0 0 ALLCAP NODIGIT 0 0 0 0 0 0 0 0 0 0 NOPUNCT 0 0
framework framework f fr fra fram k rk ork work BLOCKIN LINEIN SAMEFONT SAMEFONTSIZE 0 0 0 NOCAPS NODIGIT 0 0 1 0 0 0 0 0 0 0 NOPUNCT 0 0
either either e ei eit eith r er her ther BLOCKIN LINEIN SAMEFONT SAMEFONTSIZE 0 0 0 NOCAPS NODIGIT 0 0 1 0 0 0 0 0 0 0 NOPUNCT 0 0
fails fails f fa fai fail s ls ils ails BLOCKIN LINEIN SAMEFONT SAMEFONTSIZE 0 0 0 NOCAPS NODIGIT 0 0 1 0 0 0 0 0 0 0 NOPUNCT 0 0
to to t to to to o to to to BLOCKIN LINEIN SAMEFONT SAMEFONTSIZE 0 0 0 NOCAPS NODIGIT 0 0 1 0 0 0 0 0 0 0 NOPUNCT 0 0
produce produce p pr pro prod e ce uce duce BLOCKIN LINEIN SAMEFONT SAMEFONTSIZE 0 0 0 NOCAPS NODIGIT 0 0 1 0 0 0 0 0 0 0 NOPUNCT 0 0
an an a an an an n an an an BLOCKIN LINEIN SAMEFONT SAMEFONTSIZE 0 0 0 NOCAPS NODIGIT 0 1 1 0 0 0 0 0 0 0 NOPUNCT 0 0
SQL sql S SQ SQL SQL L QL SQL SQL BLOCKIN LINEIN SAMEFONT SAMEFONTSIZE 0 0 0 ALLCAP NODIGIT 0 0 0 0 0 0 0 0 0 0 NOPUNCT 0 0
query query q qu que quer y ry ery uery BLOCKIN LINEEND SAMEFONT SAMEFONTSIZE 0 0 0 NOCAPS NODIGIT 0 0 1 0 0 0 0 0 0 0 NOPUNCT 0 0
or or o or or or r or or or BLOCKIN LINESTART SAMEFONT SAMEFONTSIZE 0 0 0 NOCAPS NODIGIT 0 0 1 0 0 0 0 0 0 0 NOPUNCT 0 0
, , , , , , , , , , BLOCKIN LINEIN SAMEFONT SAMEFONTSIZE 0 0 0 ALLCAP NODIGIT 1 0 0 0 0 0 0 0 0 0 COMMA 0 0
in in i in in in n in in in BLOCKIN LINEIN SAMEFONT SAMEFONTSIZE 0 0 0 NOCAPS NODIGIT 0 1 1 0 0 0 0 0 0 0 NOPUNCT 0 0
one one o on one one e ne one one BLOCKIN LINEIN SAMEFONT SAMEFONTSIZE 0 0 0 NOCAPS NODIGIT 0 0 1 0 0 0 0 0 0 0 NOPUNCT 0 0
case case c ca cas case e se ase case BLOCKIN LINEIN SAMEFONT SAMEFONTSIZE 0 0 0 NOCAPS NODIGIT 0 1 1 0 0 0 0 0 0 0 NOPUNCT 0 0
, , , , , , , , , , BLOCKIN LINEIN SAMEFONT SAMEFONTSIZE 0 0 0 ALLCAP NODIGIT 1 0 0 0 0 0 0 0 0 0 COMMA 0 0
produces produces p pr pro prod s es ces uces BLOCKIN LINEIN SAMEFONT SAMEFONTSIZE 0 0 0 NOCAPS NODIGIT 0 0 1 0 0 0 0 0 0 0 NOPUNCT 0 0
an an a an an an n an an an BLOCKIN LINEIN SAMEFONT SAMEFONTSIZE 0 0 0 NOCAPS NODIGIT 0 1 1 0 0 0 0 0 0 0 NOPUNCT 0 0
avalanche avalanche a av ava aval e he che nche BLOCKIN LINEIN SAMEFONT SAMEFONTSIZE 0 0 0 NOCAPS NODIGIT 0 0 1 0 0 0 0 0 0 0 NOPUNCT 0 0
of of o of of of f of of of BLOCKIN LINEIN SAMEFONT SAMEFONTSIZE 0 0 0 NOCAPS NODIGIT 0 0 1 0 0 0 0 0 0 0 NOPUNCT 0 0
SQL sql S SQ SQL SQL L QL SQL SQL BLOCKIN LINEIN SAMEFONT SAMEFONTSIZE 0 0 0 ALLCAP NODIGIT 0 0 0 0 0 0 0 0 0 0 NOPUNCT 0 0
queries queries q qu que quer s es ies ries BLOCKIN LINEIN SAMEFONT SAMEFONTSIZE 0 0 0 NOCAPS NODIGIT 0 1 1 0 0 0 0 0 0 0 NOPUNCT 0 0
. . . . . . . . . . BLOCKEND LINEEND SAMEFONT SAMEFONTSIZE 0 0 0 ALLCAP NODIGIT 1 0 0 0 0 0 0 0 0 0 DOT 0 0
Computing computing C Co Com Comp g ng ing ting BLOCKSTART LINESTART NEWFONT SAMEFONTSIZE 0 0 0 INITCAP NODIGIT 0 0 1 0 0 0 0 0 0 0 NOPUNCT 0 0
Classification classification C Cl Cla Clas n on ion tion BLOCKIN LINEIN SAMEFONT SAMEFONTSIZE 0 0 0 INITCAP NODIGIT 0 0 1 0 0 0 0 0 0 0 NOPUNCT 0 0
Software software S So Sof Soft e re are ware BLOCKIN LINEIN NEWFONT SAMEFONTSIZE 0 0 0 INITCAP NODIGIT 0 0 1 0 0 0 0 0 0 0 NOPUNCT 0 0
and and a an and and d nd and and BLOCKIN LINEIN SAMEFONT SAMEFONTSIZE 0 0 0 NOCAPS NODIGIT 0 0 1 0 0 0 0 0 0 0 NOPUNCT 0 0
its its i it its its s ts its its BLOCKIN LINEIN SAMEFONT SAMEFONTSIZE 0 0 0 NOCAPS NODIGIT 0 0 1 0 0 0 0 0 0 0 NOPUNCT 0 0
engineering engineering e en eng engi g ng ing ring BLOCKIN LINEIN SAMEFONT SAMEFONTSIZE 0 0 0 NOCAPS NODIGIT 0 0 1 0 0 0 0 0 0 0 NOPUNCT 0 0
! ! ! ! ! ! ! ! ! ! BLOCKIN LINEIN SAMEFONT SAMEFONTSIZE 0 0 0 ALLCAP NODIGIT 1 0 1 0 0 0 0 0 0 0 NOPUNCT 0 0
Soft soft S So Sof Soft t ft oft Soft BLOCKIN LINEIN SAMEFONT SAMEFONTSIZE 0 0 0 INITCAP NODIGIT 0 0 1 0 0 0 0 0 0 0 NOPUNCT 0 0
- - - - - - - - - - BLOCKIN LINEEND SAMEFONT SAMEFONTSIZE 0 0 0 ALLCAP NODIGIT 1 0 0 0 0 0 0 0 0 1 HYPHEN 0 0
ware ware w wa war ware e re are ware BLOCKIN LINESTART SAMEFONT SAMEFONTSIZE 0 0 0 NOCAPS NODIGIT 0 1 1 0 0 0 0 0 0 0 NOPUNCT 0 0
notations notations n no not nota s ns ons ions BLOCKIN LINEIN SAMEFONT SAMEFONTSIZE 0 0 0 NOCAPS NODIGIT 0 0 1 0 0 0 0 0 0 0 NOPUNCT 0 0
and and a an and and d nd and and BLOCKIN LINEIN SAMEFONT SAMEFONTSIZE 0 0 0 NOCAPS NODIGIT 0 0 1 0 0 0 0 0 0 0 NOPUNCT 0 0
tools tools t to too tool s ls ols ools BLOCKIN LINEIN SAMEFONT SAMEFONTSIZE 0 0 0 NOCAPS NODIGIT 0 1 1 0 0 0 0 0 0 0 NOPUNCT 0 0
! ! ! ! ! ! ! ! ! ! BLOCKIN LINEIN SAMEFONT SAMEFONTSIZE 0 0 0 ALLCAP NODIGIT 1 0 1 0 0 0 0 0 0 0 NOPUNCT 0 0
General general G Ge Gen Gene l al ral eral BLOCKIN LINEIN SAMEFONT SAMEFONTSIZE 0 0 0 INITCAP NODIGIT 0 0 1 0 0 0 0 0 0 0 NOPUNCT 0 0
programming programming p pr pro prog g ng ing ming BLOCKIN LINEIN SAMEFONT SAMEFONTSIZE 0 0 0 NOCAPS NODIGIT 0 0 1 0 0 0 0 0 0 0 NOPUNCT 0 0
languages languages l la lan lang s es ges ages BLOCKIN LINEIN SAMEFONT SAMEFONTSIZE 0 0 0 NOCAPS NODIGIT 0 0 1 0 0 0 0 0 0 0 NOPUNCT 0 0
! ! ! ! ! ! ! ! ! ! BLOCKIN LINEEND SAMEFONT SAMEFONTSIZE 0 0 0 ALLCAP NODIGIT 1 0 1 0 0 0 0 0 0 0 NOPUNCT 0 0
Language language L La Lan Lang e ge age uage BLOCKIN LINESTART SAMEFONT SAMEFONTSIZE 0 0 0 INITCAP NODIGIT 0 0 1 0 0 0 0 0 0 0 NOPUNCT 0 0
features features f fe fea feat s es res ures BLOCKEND LINEEND SAMEFONT SAMEFONTSIZE 0 0 0 NOCAPS NODIGIT 0 0 1 0 0 0 0 0 0 0 NOPUNCT 0 0
Keywords keywords K Ke Key Keyw s ds rds ords BLOCKSTART LINESTART NEWFONT SAMEFONTSIZE 0 0 0 INITCAP NODIGIT 0 0 1 0 0 0 0 0 0 0 NOPUNCT 0 0
lambda lambda l la lam lamb a da bda mbda BLOCKIN LINEIN NEWFONT SAMEFONTSIZE 0 0 0 NOCAPS NODIGIT 0 0 1 0 0 0 0 0 0 0 NOPUNCT 0 0
calculus calculus c ca cal calc s us lus ulus BLOCKIN LINEIN SAMEFONT SAMEFONTSIZE 0 0 0 NOCAPS NODIGIT 0 0 1 0 0 0 0 0 0 0 NOPUNCT 0 0
, , , , , , , , , , BLOCKIN LINEIN SAMEFONT SAMEFONTSIZE 0 0 0 ALLCAP NODIGIT 1 0 0 0 0 0 0 0 0 0 COMMA 0 0
LINQ linq L LI LIN LINQ Q NQ INQ LINQ BLOCKIN LINEIN SAMEFONT SAMEFONTSIZE 0 0 0 ALLCAP NODIGIT 0 0 0 0 0 0 0 0 0 0 NOPUNCT 0 0
, , , , , , , , , , BLOCKIN LINEIN SAMEFONT SAMEFONTSIZE 0 0 0 ALLCAP NODIGIT 1 0 0 0 0 0 0 0 0 0 COMMA 0 0
F# f# F F# F# F# # F# F# F# BLOCKIN LINEIN SAMEFONT SAMEFONTSIZE 0 0 0 ALLCAP NODIGIT 0 0 0 0 0 0 0 0 0 0 NOPUNCT 0 0
, , , , , , , , , , BLOCKIN LINEIN SAMEFONT SAMEFONTSIZE 0 0 0 ALLCAP NODIGIT 1 0 0 0 0 0 0 0 0 0 COMMA 0 0
quotation quotation q qu quo quot n on ion tion BLOCKIN LINEIN SAMEFONT SAMEFONTSIZE 0 0 0 NOCAPS NODIGIT 0 0 1 0 0 0 0 0 0 0 NOPUNCT 0 0
, , , , , , , , , , BLOCKIN LINEIN SAMEFONT SAMEFONTSIZE 0 0 0 ALLCAP NODIGIT 1 0 0 0 0 0 0 0 0 0 COMMA 0 0
anti anti a an ant anti i ti nti anti BLOCKIN LINEIN SAMEFONT SAMEFONTSIZE 0 0 0 NOCAPS NODIGIT 0 0 0 0 0 0 0 0 0 0 NOPUNCT 0 0
- - - - - - - - - - BLOCKIN LINEIN SAMEFONT SAMEFONTSIZE 0 0 0 ALLCAP NODIGIT 1 0 0 0 0 0 0 0 0 1 HYPHEN 0 0
quotation quotation q qu quo quot n on ion tion BLOCKEND LINEEND SAMEFONT SAMEFONTSIZE 0 0 0 NOCAPS NODIGIT 0 0 1 0 0 0 0 0 0 0 NOPUNCT 0 0
1 1 1 1 1 1 1 1 1 1 BLOCKSTART LINESTART NEWFONT HIGHERFONT 0 0 0 NOCAPS ALLDIGIT 1 0 0 0 0 0 0 0 0 0 NOPUNCT 0 0
. . . . . . . . . . BLOCKIN LINEIN SAMEFONT SAMEFONTSIZE 0 0 0 ALLCAP NODIGIT 1 0 0 0 0 0 0 0 0 0 DOT 0 0
Introduction introduction I In Int Intr n on ion tion BLOCKEND LINEEND SAMEFONT SAMEFONTSIZE 0 0 0 INITCAP NODIGIT 0 0 1 0 0 0 0 0 0 0 NOPUNCT 0 0