Dedicated I-<dedication>
to <dedication>
H <dedication>
. <dedication>
Hintenberger <dedication>
on <dedication>
the <dedication>
occasion <dedication>
of <dedication>
his <dedication>
70th <dedication>
birth <dedication>
@newline