email I-<email>
: <email>
sinha@cs <email>
. <email>
uiuc <email>
. <email>
edu <email>
email I-<email>
: <email>
kale@cs <email>
. <email>
uiuc <email>
. <email>
edu <email>
@newline