( I-<phone>
615 <phone>
) <phone>
343 <phone>
- <phone>
4111 <phone>
@newline