This I-<grant>
research <grant>
was <grant>
sponsored <grant>
by <grant>
the <grant>
Air <grant>
Force <grant>
Materiel <grant>
Command <grant>
(AFMC <grant>
) <grant>
and <grant>
the <grant>
Defense <grant>
Advanced <grant>
Research <grant>
Projects <grant>
Agency <grant>
(DARPA <grant>
) <grant>
under <grant>
contract <grant>
number <grant>
, <grant>
F19628 <grant>
- <grant>
95 <grant>
- <grant>
C <grant>
- <grant>
0050 <grant>
. <grant>