Simultaneous I-<entitle>
Measurement <entitle>
@newline
of <entitle>
Hyperfine <entitle>
Structure <entitle>
, <entitle>
Stark <entitle>
- <entitle>
Effect <entitle>
@newline
and <entitle>
Zeeman <entitle>
- <entitle>
Effect <entitle>
@newline
of <entitle>
87 <entitle>
RbF <entitle>
@newline
with <entitle>
a <entitle>
Molecular <entitle>
@newline
Beam <entitle>
Resonance <entitle>
@newline
Apparatus <entitle>
@newline