19 I-<date>
November <date>
2009 <date>
@newline